[debug] [2017-07-12T03:52:24.434Z] ----------------------------------------------------------------------
[debug] [2017-07-12T03:52:24.434Z] Command:      C:\Program Files\nodejs\node.exe C:\Users\bbeardmore\AppData\Roaming\npm\node_modules\firebase-tools\bin\firebase serve
[debug] [2017-07-12T03:52:24.434Z] CLI Version:  3.9.1
[debug] [2017-07-12T03:52:24.434Z] Platform:     win32
[debug] [2017-07-12T03:52:24.434Z] Node Version: v7.10.0
[debug] [2017-07-12T03:52:24.434Z] Time:         Tue Jul 11 2017 22:52:24 GMT-0500 (Central Daylight Time)
[debug] [2017-07-12T03:52:24.434Z] ----------------------------------------------------------------------
[debug] 
[debug] [2017-07-12T03:52:24.450Z] > command requires scopes: ["email","openid","https://www.googleapis.com/auth/cloudplatformprojects.readonly","https://www.googleapis.com/auth/firebase","https://www.googleapis.com/auth/cloud-platform"]
[debug] [2017-07-12T03:52:24.450Z] > authorizing via signed-in user
[debug] [2017-07-12T03:52:24.450Z] >>> HTTP REQUEST GET https://admin.firebase.com/v1/projects/pelletpirate  
 Tue Jul 11 2017 22:52:24 GMT-0500 (Central Daylight Time)
[debug] [2017-07-12T03:52:24.966Z] <<< HTTP RESPONSE 200
[debug] [2017-07-12T03:52:24.966Z] >>> HTTP REQUEST GET https://admin.firebase.com/v1/database/pelletpirate/tokens  
 Tue Jul 11 2017 22:52:24 GMT-0500 (Central Daylight Time)
[debug] [2017-07-12T03:52:25.382Z] <<< HTTP RESPONSE 200
[info] 
[info] === Serving from 'C:\Users\bbeardmore\Dropbox\PelletPirate\pelletpirate'...
[info] 
[debug] [2017-07-12T03:52:25.382Z] >>> HTTP REQUEST GET https://cloudresourcemanager.googleapis.com/v1/projects/pelletpirate  
 Tue Jul 11 2017 22:52:25 GMT-0500 (Central Daylight Time)
[debug] [2017-07-12T03:52:25.811Z] <<< HTTP RESPONSE 200
[debug] [2017-07-12T03:52:25.811Z] >>> HTTP REQUEST GET https://mobilesdk-pa.googleapis.com/v1/projects/731610976061/clients/_:getWebAppConfig  
 Tue Jul 11 2017 22:52:25 GMT-0500 (Central Daylight Time)
[debug] [2017-07-12T03:52:26.236Z] <<< HTTP RESPONSE 200
[warn] !  hosting: Port 5000 is not available. Trying another port...
[debug] [2017-07-12T03:52:26.252Z] >>> HTTP REQUEST GET https://cloudresourcemanager.googleapis.com/v1/projects/pelletpirate  
 Tue Jul 11 2017 22:52:26 GMT-0500 (Central Daylight Time)
[debug] [2017-07-12T03:52:26.536Z] <<< HTTP RESPONSE 200
[debug] [2017-07-12T03:52:26.536Z] >>> HTTP REQUEST GET https://mobilesdk-pa.googleapis.com/v1/projects/731610976061/clients/_:getWebAppConfig  
 Tue Jul 11 2017 22:52:26 GMT-0500 (Central Daylight Time)
[debug] [2017-07-12T03:52:26.799Z] <<< HTTP RESPONSE 200
[info] i  hosting: Serving hosting files from: public
[info] +  hosting: Local server: http://localhost:5004

[debug] ----------------------------------------------------------------------
[debug] Command:      C:\Program Files\nodejs\node.exe C:\Users\bbear\AppData\Roaming\npm\node_modules\firebase-tools\bin\firebase serve
[debug] CLI Version:  3.4.0
[debug] Platform:     win32
[debug] Node Version: v7.10.0
[debug] Time:         Fri Jul 14 2017 01:15:08 GMT-0500 (Central Daylight Time)
[debug] ----------------------------------------------------------------------
[debug] 
[info] Starting Firebase development server...
[info] 
[info] Project Directory: C:\Users\bbear\Dropbox\PelletPirate\pelletpirate
[info] Public Directory: public
[info] 
[info] Server listening at: http://localhost:5000
